
/Users/DoerLBH/Dropbox/git/DREAM_PDBiomarker/test_outbound/accel_walking_outbound.json.items-00ed19d7-047d-497e-95f3-da0eb99219f64977704957322393606.tmp
/Users/DoerLBH/Dropbox/git/DREAM_PDBiomarker/test_outbound/accel_walking_outbound.json.items-1cc6d848-d63c-46a3-a150-5f4d6a740ee96680533707748310755.tmp
/Users/DoerLBH/Dropbox/git/DREAM_PDBiomarker/test_outbound/accel_walking_outbound.json.items-2f6c5f88-e048-4290-b9aa-d29773ea487e4269585026506265516.tmp
/Users/DoerLBH/Dropbox/git/DREAM_PDBiomarker/test_outbound/accel_walking_outbound.json.items-3885b7dc-6162-4da2-8c49-a66668d21b1d8854351473568428746.tmp
/Users/DoerLBH/Dropbox/git/DREAM_PDBiomarker/test_outbound/accel_walking_outbound.json.items-68958ad6-b90d-4c80-9648-f0fcc07add033170670116469878695.tmp
/Users/DoerLBH/Dropbox/git/DREAM_PDBiomarker/test_outbound/accel_walking_outbound.json.items-81691d32-cd41-4b12-be7f-fb98bc519f718841345299783359983.tmp
/Users/DoerLBH/Dropbox/git/DREAM_PDBiomarker/test_outbound/accel_walking_outbound.json.items-97685ee9-3eb0-43e5-9879-ce5b31e0371b8296129926155346845.tmp
/Users/DoerLBH/Dropbox/git/DREAM_PDBiomarker/test_outbound/accel_walking_outbound.json.items-b818fd9c-3864-4b40-9431-a6b2f392f6c419798367913485169.tmp
/Users/DoerLBH/Dropbox/git/DREAM_PDBiomarker/test_outbound/accel_walking_outbound.json.items-bcaab5b5-882d-4972-8123-34e5fa447c3a864091809024668349.tmp
/Users/DoerLBH/Dropbox/git/DREAM_PDBiomarker/test_outbound/accel_walking_outbound.json.items-bfd156d9-886a-42d6-9718-e9f0d078c9537929643885430521582.tmp
/Users/DoerLBH/Dropbox/git/DREAM_PDBiomarker/test_outbound/accel_walking_outbound.json.items-cb25910e-aec4-48d4-a61c-5c80c26be14c6056913385992422360.tmp
/Users/DoerLBH/Dropbox/git/DREAM_PDBiomarker/test_outbound/accel_walking_outbound.json.items-cf434227-fa4c-4903-ac6d-3d1e3835848d3439482352309596187.tmp
/Users/DoerLBH/Dropbox/git/DREAM_PDBiomarker/test_outbound/accel_walking_outbound.json.items-da70b6da-68b2-4fc7-989f-154baa55a7c37997239378816303117.tmp
